
<!DOCTYPE html>
<html lang="en">
<head>
    <title>My amazing blog!</title>
    <meta charset="UTF-8"/>
    <meta name="description" content="Wow, like and subscribe, it really helps the channel guys" lang="en"/>
</head>
<body>
<nav role="navigation">
    <div>
        <h1>Go blog software</h1>
        <ul>
            <li><a href="/">home</a></li>
            <li><a href="about">about</a></li>
            <li><a href="archive">archive</a></li>
        </ul>
    </div>
</nav>
<main>

<h1>hello world</h1>

<p>This is a description</p>

Tags: <ul><li>go</li><li>tdd</li></ul>

</main>
<footer>
    <h2>Te learn how to built this blog software visit:</h2>
    <ul>
        <li><a href="https://twitter.com/quii">Twitter</a></li>
        <li><a href="https://github.com/quii">GitHub</a></li>
    </ul>
</footer>
</body>
</html>
